
> quiet-places@0.1.0 build
> tsc --noEmit && vite build

vite v7.3.6 building client environment for production...
transforming...
Module "src/places/afterlight/DrainOpening.ts" tried to import "assets/config/afterlight-geometry.json" with "type": "json" attributes, but it was already imported elsewhere with no attributes. Please ensure that import attributes for the same module are always consistent.
✓ 104 modules transformed.
rendering chunks...
computing gzip size...
dist/tools/snowwindow-camera/index.html             4.31 kB │ gzip:   1.55 kB
dist/tools/studio/index.html                        5.19 kB │ gzip:   2.26 kB
dist/index.html                                     6.78 kB │ gzip:   2.55 kB
dist/assets/studio-Dt8Qkdun.css                     2.63 kB │ gzip:   1.09 kB
dist/assets/snowwindowCamera-D2qk8SQY.css           3.59 kB │ gzip:   1.39 kB
dist/assets/app-D-0WezdV.css                       14.72 kB │ gzip:   4.00 kB
dist/assets/seededRandom-SFh7AJ1p.js                0.11 kB │ gzip:   0.12 kB
dist/assets/SkeletonUtils-BCVmgslc.js               0.45 kB │ gzip:   0.27 kB
dist/assets/ModelResources-DPLCULHO.js              0.63 kB │ gzip:   0.36 kB
dist/assets/Optics-Cvl-7keA.js                      1.11 kB │ gzip:   0.64 kB
dist/assets/afterlight-study-B7ObkvZ4.js            5.38 kB │ gzip:   2.68 kB
dist/assets/snowwindowCamera-B6QgNZHe.js            6.05 kB │ gzip:   2.89 kB
dist/assets/studio-CJrjw-Zn.js                      9.90 kB │ gzip:   4.56 kB
dist/assets/index-B3SxVyZE.js                      12.94 kB │ gzip:   5.73 kB
dist/assets/index-DNcfS3kR.js                      17.42 kB │ gzip:   7.06 kB
dist/assets/index-qFrUyCMZ.js                      18.39 kB │ gzip:   7.32 kB
dist/assets/index-BnkYZ8IN.js                      21.82 kB │ gzip:   8.48 kB
dist/assets/EXRLoader-CV6z93iA.js                  23.26 kB │ gzip:   8.01 kB
dist/assets/index-C4bLhAZy.js                      31.13 kB │ gzip:  12.10 kB
dist/assets/fflate.module-CXh1ITwj.js              31.80 kB │ gzip:  12.15 kB
dist/assets/index-CzsTKNbi.js                      33.13 kB │ gzip:  12.37 kB
dist/assets/GLTFLoader-D0yxSZy6.js                 44.83 kB │ gzip:  13.22 kB
dist/assets/index-DXPn4sox.js                      53.46 kB │ gzip:  20.88 kB
dist/assets/app-DsysZOod.js                        65.34 kB │ gzip:  18.56 kB
dist/assets/RectAreaLightUniformsLib-C-AT__2W.js  247.26 kB │ gzip: 103.13 kB
dist/assets/SceneClock-iGEdxUwB.js                579.64 kB │ gzip: 148.87 kB

(!) Some chunks are larger than 500 kB after minification. Consider:
- Using dynamic import() to code-split the application
- Use build.rollupOptions.output.manualChunks to improve chunking: https://rollupjs.org/configuration-options/#output-manualchunks
- Adjust chunk size limit for this warning via build.chunkSizeWarningLimit.
✓ built in 3.67s
