Command line invocation:
    /Applications/Xcode.app/Contents/Developer/usr/bin/xcodebuild -project ios/App/App.xcodeproj -scheme App -destination "generic/platform=iOS Simulator" -derivedDataPath /private/tmp/quiet-places-ios-build CODE_SIGNING_ALLOWED=NO build

Build settings from command line:
    CODE_SIGNING_ALLOWED = NO

Resolve Package Graph


Resolved source packages:
  capacitor-swift-pm: https://github.com/ionic-team/capacitor-swift-pm.git @ 8.5.2
  CapApp-SPM: /tmp/quiet-places-iphone-pilot-20260913/ios/App/CapApp-SPM @ local
  CapacitorApp: /tmp/quiet-places-iphone-pilot-20260913/node_modules/@capacitor/app @ local

2026-09-14 18:44:19.286 xcodebuild[86034:85089062] [MT] IDERunDestination: Supported platforms for the buildables in the current scheme is empty.
ComputePackagePrebuildTargetDependencyGraph

Prepare packages

CreateBuildRequest

SendProjectDescription

CreateBuildOperation

ComputeTargetDependencyGraph
note: Building targets in dependency order
note: Target dependency graph (7 targets)
    Target 'App' in project 'App'
        ➜ Explicit dependency on target 'CapApp-SPM' in project 'CapApp-SPM'
    Target 'CapApp-SPM' in project 'CapApp-SPM'
        ➜ Explicit dependency on target 'CapApp-SPM' in project 'CapApp-SPM'
        ➜ Explicit dependency on target 'Capacitor' in project 'capacitor-swift-pm'
        ➜ Explicit dependency on target 'Cordova' in project 'capacitor-swift-pm'
        ➜ Explicit dependency on target 'CapacitorApp' in project 'CapacitorApp'
    Target 'CapApp-SPM' in project 'CapApp-SPM'
        ➜ Explicit dependency on target 'Capacitor' in project 'capacitor-swift-pm'
        ➜ Explicit dependency on target 'Cordova' in project 'capacitor-swift-pm'
        ➜ Explicit dependency on target 'CapacitorApp' in project 'CapacitorApp'
    Target 'CapacitorApp' in project 'CapacitorApp'
        ➜ Explicit dependency on target 'AppPlugin' in project 'CapacitorApp'
        ➜ Explicit dependency on target 'Capacitor' in project 'capacitor-swift-pm'
        ➜ Explicit dependency on target 'Cordova' in project 'capacitor-swift-pm'
    Target 'AppPlugin' in project 'CapacitorApp'
        ➜ Explicit dependency on target 'Capacitor' in project 'capacitor-swift-pm'
        ➜ Explicit dependency on target 'Cordova' in project 'capacitor-swift-pm'
    Target 'Cordova' in project 'capacitor-swift-pm' (no dependencies)
    Target 'Capacitor' in project 'capacitor-swift-pm' (no dependencies)

GatherProvisioningInputs

CreateBuildDescription

ClangStatCache /Applications/Xcode.app/Contents/Developer/Toolchains/XcodeDefault.xctoolchain/usr/bin/clang-stat-cache /Applications/Xcode.app/Contents/Developer/Platforms/iPhoneSimulator.platform/Developer/SDKs/iPhoneSimulator26.5.sdk /tmp/quiet-places-ios-build/SDKStatCaches.noindex/iphonesimulator26.5-23F81a-6cfe768891a92b912361537c460fe42b.sdkstatcache
    cd /tmp/quiet-places-iphone-pilot-20260913/ios/App/App.xcodeproj
    /Applications/Xcode.app/Contents/Developer/Toolchains/XcodeDefault.xctoolchain/usr/bin/clang-stat-cache /Applications/Xcode.app/Contents/Developer/Platforms/iPhoneSimulator.platform/Developer/SDKs/iPhoneSimulator26.5.sdk -o /tmp/quiet-places-ios-build/SDKStatCaches.noindex/iphonesimulator26.5-23F81a-6cfe768891a92b912361537c460fe42b.sdkstatcache

SwiftDriver App normal arm64 com.apple.xcode.tools.swift.compiler (in target 'App' from project 'App')
    cd /tmp/quiet-places-iphone-pilot-20260913/ios/App
    builtin-SwiftDriver -- /Applications/Xcode.app/Contents/Developer/Toolchains/XcodeDefault.xctoolchain/usr/bin/swiftc -module-name App -Onone @/tmp/quiet-places-ios-build/Build/Intermediates.noindex/App.build/Debug-iphonesimulator/App.build/Objects-normal/arm64/App.SwiftFileList -DDEBUG -D COCOAPODS -DDEBUG -enable-bare-slash-regex -enable-experimental-feature DebugDescriptionMacro -sdk /Applications/Xcode.app/Contents/Developer/Platforms/iPhoneSimulator.platform/Developer/SDKs/iPhoneSimulator26.5.sdk -target arm64-apple-ios15.0-simulator -g -module-cache-path /tmp/quiet-places-ios-build/ModuleCache.noindex -Xfrontend -serialize-debugging-options -enable-testing -index-store-path /tmp/quiet-places-ios-build/Index.noindex/DataStore -Xcc -D_LIBCPP_HARDENING_MODE\=_LIBCPP_HARDENING_MODE_DEBUG -swift-version 5 -I /tmp/quiet-places-ios-build/Build/Products/Debug-iphonesimulator -F /tmp/quiet-places-ios-build/Build/Products/Debug-iphonesimulator/PackageFrameworks -F /tmp/quiet-places-ios-build/Build/Products/Debug-iphonesimulator/PackageFrameworks -F /tmp/quiet-places-ios-build/Build/Products/Debug-iphonesimulator -c -j8 -enable-batch-mode -incremental -Xcc -ivfsstatcache -Xcc /tmp/quiet-places-ios-build/SDKStatCaches.noindex/iphonesimulator26.5-23F81a-6cfe768891a92b912361537c460fe42b.sdkstatcache -output-file-map /tmp/quiet-places-ios-build/Build/Intermediates.noindex/App.build/Debug-iphonesimulator/App.build/Objects-normal/arm64/App-OutputFileMap.json -use-frontend-parseable-output -save-temps -no-color-diagnostics -explicit-module-build -module-cache-path /tmp/quiet-places-ios-build/Build/Intermediates.noindex/SwiftExplicitPrecompiledModules -clang-scanner-module-cache-path /tmp/quiet-places-ios-build/ModuleCache.noindex -sdk-module-cache-path /tmp/quiet-places-ios-build/ModuleCache.noindex -serialize-diagnostics -emit-dependencies -emit-module -emit-module-path /tmp/quiet-places-ios-build/Build/Intermediates.noindex/App.build/Debug-iphonesimulator/App.build/Objects-normal/arm64/App.swiftmodule -validate-clang-modules-once -clang-build-session-file /tmp/quiet-places-ios-build/ModuleCache.noindex/Session.modulevalidation -Xcc -I/tmp/quiet-places-ios-build/Build/Intermediates.noindex/App.build/Debug-iphonesimulator/App.build/swift-overrides.hmap -emit-const-values -Xfrontend -const-gather-protocols-file -Xfrontend /tmp/quiet-places-ios-build/Build/Intermediates.noindex/App.build/Debug-iphonesimulator/App.build/Objects-normal/arm64/App_const_extract_protocols.json -Xcc -iquote -Xcc /tmp/quiet-places-ios-build/Build/Intermediates.noindex/App.build/Debug-iphonesimulator/App.build/App-generated-files.hmap -Xcc -I/tmp/quiet-places-ios-build/Build/Intermediates.noindex/App.build/Debug-iphonesimulator/App.build/App-own-target-headers.hmap -Xcc -I/tmp/quiet-places-ios-build/Build/Intermediates.noindex/App.build/Debug-iphonesimulator/App.build/App-all-non-framework-target-headers.hmap -Xcc -ivfsoverlay -Xcc /tmp/quiet-places-ios-build/Build/Intermediates.noindex/App.build/Debug-iphonesimulator/App-0ca3007d900a678c2b4d53418799ee3d-VFS-iphonesimulator/all-product-headers.yaml -Xcc -iquote -Xcc /tmp/quiet-places-ios-build/Build/Intermediates.noindex/App.build/Debug-iphonesimulator/App.build/App-project-headers.hmap -Xcc -I/tmp/quiet-places-ios-build/Build/Products/Debug-iphonesimulator/include -Xcc -I/tmp/quiet-places-ios-build/Build/Intermediates.noindex/App.build/Debug-iphonesimulator/App.build/DerivedSources-normal/arm64 -Xcc -I/tmp/quiet-places-ios-build/Build/Intermediates.noindex/App.build/Debug-iphonesimulator/App.build/DerivedSources/arm64 -Xcc -I/tmp/quiet-places-ios-build/Build/Intermediates.noindex/App.build/Debug-iphonesimulator/App.build/DerivedSources -Xcc -DDEBUG\=1 -emit-objc-header -emit-objc-header-path /tmp/quiet-places-ios-build/Build/Intermediates.noindex/App.build/Debug-iphonesimulator/App.build/Objects-normal/arm64/App-Swift.h -working-directory /tmp/quiet-places-iphone-pilot-20260913/ios/App -experimental-emit-module-separately -disable-cmo

SwiftDriver App normal x86_64 com.apple.xcode.tools.swift.compiler (in target 'App' from project 'App')
    cd /tmp/quiet-places-iphone-pilot-20260913/ios/App
    builtin-SwiftDriver -- /Applications/Xcode.app/Contents/Developer/Toolchains/XcodeDefault.xctoolchain/usr/bin/swiftc -module-name App -Onone @/tmp/quiet-places-ios-build/Build/Intermediates.noindex/App.build/Debug-iphonesimulator/App.build/Objects-normal/x86_64/App.SwiftFileList -DDEBUG -D COCOAPODS -DDEBUG -enable-bare-slash-regex -enable-experimental-feature DebugDescriptionMacro -sdk /Applications/Xcode.app/Contents/Developer/Platforms/iPhoneSimulator.platform/Developer/SDKs/iPhoneSimulator26.5.sdk -target x86_64-apple-ios15.0-simulator -g -module-cache-path /tmp/quiet-places-ios-build/ModuleCache.noindex -Xfrontend -serialize-debugging-options -enable-testing -index-store-path /tmp/quiet-places-ios-build/Index.noindex/DataStore -Xcc -D_LIBCPP_HARDENING_MODE\=_LIBCPP_HARDENING_MODE_DEBUG -swift-version 5 -I /tmp/quiet-places-ios-build/Build/Products/Debug-iphonesimulator -F /tmp/quiet-places-ios-build/Build/Products/Debug-iphonesimulator/PackageFrameworks -F /tmp/quiet-places-ios-build/Build/Products/Debug-iphonesimulator/PackageFrameworks -F /tmp/quiet-places-ios-build/Build/Products/Debug-iphonesimulator -c -j8 -enable-batch-mode -incremental -Xcc -ivfsstatcache -Xcc /tmp/quiet-places-ios-build/SDKStatCaches.noindex/iphonesimulator26.5-23F81a-6cfe768891a92b912361537c460fe42b.sdkstatcache -output-file-map /tmp/quiet-places-ios-build/Build/Intermediates.noindex/App.build/Debug-iphonesimulator/App.build/Objects-normal/x86_64/App-OutputFileMap.json -use-frontend-parseable-output -save-temps -no-color-diagnostics -explicit-module-build -module-cache-path /tmp/quiet-places-ios-build/Build/Intermediates.noindex/SwiftExplicitPrecompiledModules -clang-scanner-module-cache-path /tmp/quiet-places-ios-build/ModuleCache.noindex -sdk-module-cache-path /tmp/quiet-places-ios-build/ModuleCache.noindex -serialize-diagnostics -emit-dependencies -emit-module -emit-module-path /tmp/quiet-places-ios-build/Build/Intermediates.noindex/App.build/Debug-iphonesimulator/App.build/Objects-normal/x86_64/App.swiftmodule -validate-clang-modules-once -clang-build-session-file /tmp/quiet-places-ios-build/ModuleCache.noindex/Session.modulevalidation -Xcc -I/tmp/quiet-places-ios-build/Build/Intermediates.noindex/App.build/Debug-iphonesimulator/App.build/swift-overrides.hmap -emit-const-values -Xfrontend -const-gather-protocols-file -Xfrontend /tmp/quiet-places-ios-build/Build/Intermediates.noindex/App.build/Debug-iphonesimulator/App.build/Objects-normal/x86_64/App_const_extract_protocols.json -Xcc -iquote -Xcc /tmp/quiet-places-ios-build/Build/Intermediates.noindex/App.build/Debug-iphonesimulator/App.build/App-generated-files.hmap -Xcc -I/tmp/quiet-places-ios-build/Build/Intermediates.noindex/App.build/Debug-iphonesimulator/App.build/App-own-target-headers.hmap -Xcc -I/tmp/quiet-places-ios-build/Build/Intermediates.noindex/App.build/Debug-iphonesimulator/App.build/App-all-non-framework-target-headers.hmap -Xcc -ivfsoverlay -Xcc /tmp/quiet-places-ios-build/Build/Intermediates.noindex/App.build/Debug-iphonesimulator/App-0ca3007d900a678c2b4d53418799ee3d-VFS-iphonesimulator/all-product-headers.yaml -Xcc -iquote -Xcc /tmp/quiet-places-ios-build/Build/Intermediates.noindex/App.build/Debug-iphonesimulator/App.build/App-project-headers.hmap -Xcc -I/tmp/quiet-places-ios-build/Build/Products/Debug-iphonesimulator/include -Xcc -I/tmp/quiet-places-ios-build/Build/Intermediates.noindex/App.build/Debug-iphonesimulator/App.build/DerivedSources-normal/x86_64 -Xcc -I/tmp/quiet-places-ios-build/Build/Intermediates.noindex/App.build/Debug-iphonesimulator/App.build/DerivedSources/x86_64 -Xcc -I/tmp/quiet-places-ios-build/Build/Intermediates.noindex/App.build/Debug-iphonesimulator/App.build/DerivedSources -Xcc -DDEBUG\=1 -emit-objc-header -emit-objc-header-path /tmp/quiet-places-ios-build/Build/Intermediates.noindex/App.build/Debug-iphonesimulator/App.build/Objects-normal/x86_64/App-Swift.h -working-directory /tmp/quiet-places-iphone-pilot-20260913/ios/App -experimental-emit-module-separately -disable-cmo

CpResource /tmp/quiet-places-ios-build/Build/Products/Debug-iphonesimulator/App.app/capacitor.config.json /tmp/quiet-places-iphone-pilot-20260913/ios/App/App/capacitor.config.json (in target 'App' from project 'App')
    cd /tmp/quiet-places-iphone-pilot-20260913/ios/App
    builtin-copy -exclude .DS_Store -exclude CVS -exclude .svn -exclude .git -exclude .hg -resolve-src-symlinks /tmp/quiet-places-iphone-pilot-20260913/ios/App/App/capacitor.config.json /tmp/quiet-places-ios-build/Build/Products/Debug-iphonesimulator/App.app

CpResource /tmp/quiet-places-ios-build/Build/Products/Debug-iphonesimulator/App.app/config.xml /tmp/quiet-places-iphone-pilot-20260913/ios/App/App/config.xml (in target 'App' from project 'App')
    cd /tmp/quiet-places-iphone-pilot-20260913/ios/App
    builtin-copy -exclude .DS_Store -exclude CVS -exclude .svn -exclude .git -exclude .hg -resolve-src-symlinks /tmp/quiet-places-iphone-pilot-20260913/ios/App/App/config.xml /tmp/quiet-places-ios-build/Build/Products/Debug-iphonesimulator/App.app

CpResource /tmp/quiet-places-ios-build/Build/Products/Debug-iphonesimulator/App.app/public /tmp/quiet-places-iphone-pilot-20260913/ios/App/App/public (in target 'App' from project 'App')
    cd /tmp/quiet-places-iphone-pilot-20260913/ios/App
    builtin-copy -exclude .DS_Store -exclude CVS -exclude .svn -exclude .git -exclude .hg -resolve-src-symlinks /tmp/quiet-places-iphone-pilot-20260913/ios/App/App/public /tmp/quiet-places-ios-build/Build/Products/Debug-iphonesimulator/App.app

SwiftEmitModule normal arm64 Emitting\ module\ for\ App (in target 'App' from project 'App')

EmitSwiftModule normal arm64 (in target 'App' from project 'App')
    cd /tmp/quiet-places-iphone-pilot-20260913/ios/App
    

SwiftEmitModule normal x86_64 Emitting\ module\ for\ App (in target 'App' from project 'App')

EmitSwiftModule normal x86_64 (in target 'App' from project 'App')
    cd /tmp/quiet-places-iphone-pilot-20260913/ios/App
    

SwiftCompile normal arm64 Compiling\ NativeAssetsPlugin.swift /tmp/quiet-places-iphone-pilot-20260913/ios/App/App/NativeAssetsPlugin.swift (in target 'App' from project 'App')
SwiftCompile normal arm64 /tmp/quiet-places-iphone-pilot-20260913/ios/App/App/NativeAssetsPlugin.swift (in target 'App' from project 'App')
    cd /tmp/quiet-places-iphone-pilot-20260913/ios/App
    
/tmp/quiet-places-iphone-pilot-20260913/ios/App/App/NativeAssetsPlugin.swift:515:52: warning: capture of 'self' with non-Sendable type 'NativeAssetsPlugin?' in a '@Sendable' closure
                        DispatchQueue.main.async { self?.notifyListeners("progress", data: ["roomId": manifest.roomId, "phase": phase, "bytesDownloaded": bytes, "totalBytes": total, "filePath": path as Any]) }
                                                   ^
/tmp/quiet-places-iphone-pilot-20260913/ios/App/App/NativeAssetsPlugin.swift:471:20: note: class 'NativeAssetsPlugin' does not conform to the 'Sendable' protocol
public final class NativeAssetsPlugin: CAPPlugin, CAPBridgedPlugin {
                   ^
/tmp/quiet-places-iphone-pilot-20260913/ios/App/App/NativeAssetsPlugin.swift:517:48: warning: capture of 'self' with non-Sendable type 'NativeAssetsPlugin?' in a '@Sendable' closure
                    DispatchQueue.main.async { self?.finishDownload(roomId: key, token: token); call.resolve(result) }
                                               ^
/tmp/quiet-places-iphone-pilot-20260913/ios/App/App/NativeAssetsPlugin.swift:471:20: note: class 'NativeAssetsPlugin' does not conform to the 'Sendable' protocol
public final class NativeAssetsPlugin: CAPPlugin, CAPBridgedPlugin {
                   ^
/tmp/quiet-places-iphone-pilot-20260913/ios/App/App/NativeAssetsPlugin.swift:517:97: warning: capture of 'call' with non-Sendable type 'CAPPluginCall' in a '@Sendable' closure
                    DispatchQueue.main.async { self?.finishDownload(roomId: key, token: token); call.resolve(result) }
                                                                                                ^
/tmp/quiet-places-ios-build/Build/Products/Debug-iphonesimulator/Capacitor.framework/Headers/CAPPluginCall.h:10:12: note: class 'CAPPluginCall' does not conform to the 'Sendable' protocol
@interface CAPPluginCall : NSObject
           ^
/tmp/quiet-places-iphone-pilot-20260913/ios/App/App/NativeAssetsPlugin.swift:1:1: warning: add '@preconcurrency' to suppress 'Sendable'-related warnings from module 'Capacitor'
import Capacitor
^
@preconcurrency 
/tmp/quiet-places-iphone-pilot-20260913/ios/App/App/NativeAssetsPlugin.swift:519:48: warning: capture of 'self' with non-Sendable type 'NativeAssetsPlugin?' in a '@Sendable' closure
                    DispatchQueue.main.async { self?.finishDownload(roomId: key, token: token); call.reject("Download cancelled", "CANCELLED") }
                                               ^
/tmp/quiet-places-iphone-pilot-20260913/ios/App/App/NativeAssetsPlugin.swift:471:20: note: class 'NativeAssetsPlugin' does not conform to the 'Sendable' protocol
public final class NativeAssetsPlugin: CAPPlugin, CAPBridgedPlugin {
                   ^
/tmp/quiet-places-iphone-pilot-20260913/ios/App/App/NativeAssetsPlugin.swift:519:97: warning: capture of 'call' with non-Sendable type 'CAPPluginCall' in a '@Sendable' closure
                    DispatchQueue.main.async { self?.finishDownload(roomId: key, token: token); call.reject("Download cancelled", "CANCELLED") }
                                                                                                ^
/tmp/quiet-places-ios-build/Build/Products/Debug-iphonesimulator/Capacitor.framework/Headers/CAPPluginCall.h:10:12: note: class 'CAPPluginCall' does not conform to the 'Sendable' protocol
@interface CAPPluginCall : NSObject
           ^
/tmp/quiet-places-iphone-pilot-20260913/ios/App/App/NativeAssetsPlugin.swift:521:48: warning: capture of 'self' with non-Sendable type 'NativeAssetsPlugin?' in a '@Sendable' closure
                    DispatchQueue.main.async { self?.finishDownload(roomId: key, token: token); call.reject(error.localizedDescription, "DOWNLOAD_FAILED") }
                                               ^
/tmp/quiet-places-iphone-pilot-20260913/ios/App/App/NativeAssetsPlugin.swift:471:20: note: class 'NativeAssetsPlugin' does not conform to the 'Sendable' protocol
public final class NativeAssetsPlugin: CAPPlugin, CAPBridgedPlugin {
                   ^
/tmp/quiet-places-iphone-pilot-20260913/ios/App/App/NativeAssetsPlugin.swift:521:97: warning: capture of 'call' with non-Sendable type 'CAPPluginCall' in a '@Sendable' closure
                    DispatchQueue.main.async { self?.finishDownload(roomId: key, token: token); call.reject(error.localizedDescription, "DOWNLOAD_FAILED") }
                                                                                                ^
/tmp/quiet-places-ios-build/Build/Products/Debug-iphonesimulator/Capacitor.framework/Headers/CAPPluginCall.h:10:12: note: class 'CAPPluginCall' does not conform to the 'Sendable' protocol
@interface CAPPluginCall : NSObject
           ^

SwiftCompile normal x86_64 Compiling\ NativeAssetsPlugin.swift /tmp/quiet-places-iphone-pilot-20260913/ios/App/App/NativeAssetsPlugin.swift (in target 'App' from project 'App')
SwiftCompile normal x86_64 /tmp/quiet-places-iphone-pilot-20260913/ios/App/App/NativeAssetsPlugin.swift (in target 'App' from project 'App')
    cd /tmp/quiet-places-iphone-pilot-20260913/ios/App
    
/tmp/quiet-places-iphone-pilot-20260913/ios/App/App/NativeAssetsPlugin.swift:515:52: warning: capture of 'self' with non-Sendable type 'NativeAssetsPlugin?' in a '@Sendable' closure
                        DispatchQueue.main.async { self?.notifyListeners("progress", data: ["roomId": manifest.roomId, "phase": phase, "bytesDownloaded": bytes, "totalBytes": total, "filePath": path as Any]) }
                                                   ^
/tmp/quiet-places-iphone-pilot-20260913/ios/App/App/NativeAssetsPlugin.swift:471:20: note: class 'NativeAssetsPlugin' does not conform to the 'Sendable' protocol
public final class NativeAssetsPlugin: CAPPlugin, CAPBridgedPlugin {
                   ^
/tmp/quiet-places-iphone-pilot-20260913/ios/App/App/NativeAssetsPlugin.swift:517:48: warning: capture of 'self' with non-Sendable type 'NativeAssetsPlugin?' in a '@Sendable' closure
                    DispatchQueue.main.async { self?.finishDownload(roomId: key, token: token); call.resolve(result) }
                                               ^
/tmp/quiet-places-iphone-pilot-20260913/ios/App/App/NativeAssetsPlugin.swift:471:20: note: class 'NativeAssetsPlugin' does not conform to the 'Sendable' protocol
public final class NativeAssetsPlugin: CAPPlugin, CAPBridgedPlugin {
                   ^
/tmp/quiet-places-iphone-pilot-20260913/ios/App/App/NativeAssetsPlugin.swift:517:97: warning: capture of 'call' with non-Sendable type 'CAPPluginCall' in a '@Sendable' closure
                    DispatchQueue.main.async { self?.finishDownload(roomId: key, token: token); call.resolve(result) }
                                                                                                ^
/tmp/quiet-places-ios-build/Build/Products/Debug-iphonesimulator/Capacitor.framework/Headers/CAPPluginCall.h:10:12: note: class 'CAPPluginCall' does not conform to the 'Sendable' protocol
@interface CAPPluginCall : NSObject
           ^
/tmp/quiet-places-iphone-pilot-20260913/ios/App/App/NativeAssetsPlugin.swift:1:1: warning: add '@preconcurrency' to suppress 'Sendable'-related warnings from module 'Capacitor'
import Capacitor
^
@preconcurrency 
/tmp/quiet-places-iphone-pilot-20260913/ios/App/App/NativeAssetsPlugin.swift:519:48: warning: capture of 'self' with non-Sendable type 'NativeAssetsPlugin?' in a '@Sendable' closure
                    DispatchQueue.main.async { self?.finishDownload(roomId: key, token: token); call.reject("Download cancelled", "CANCELLED") }
                                               ^
/tmp/quiet-places-iphone-pilot-20260913/ios/App/App/NativeAssetsPlugin.swift:471:20: note: class 'NativeAssetsPlugin' does not conform to the 'Sendable' protocol
public final class NativeAssetsPlugin: CAPPlugin, CAPBridgedPlugin {
                   ^
/tmp/quiet-places-iphone-pilot-20260913/ios/App/App/NativeAssetsPlugin.swift:519:97: warning: capture of 'call' with non-Sendable type 'CAPPluginCall' in a '@Sendable' closure
                    DispatchQueue.main.async { self?.finishDownload(roomId: key, token: token); call.reject("Download cancelled", "CANCELLED") }
                                                                                                ^
/tmp/quiet-places-ios-build/Build/Products/Debug-iphonesimulator/Capacitor.framework/Headers/CAPPluginCall.h:10:12: note: class 'CAPPluginCall' does not conform to the 'Sendable' protocol
@interface CAPPluginCall : NSObject
           ^
/tmp/quiet-places-iphone-pilot-20260913/ios/App/App/NativeAssetsPlugin.swift:521:48: warning: capture of 'self' with non-Sendable type 'NativeAssetsPlugin?' in a '@Sendable' closure
                    DispatchQueue.main.async { self?.finishDownload(roomId: key, token: token); call.reject(error.localizedDescription, "DOWNLOAD_FAILED") }
                                               ^
/tmp/quiet-places-iphone-pilot-20260913/ios/App/App/NativeAssetsPlugin.swift:471:20: note: class 'NativeAssetsPlugin' does not conform to the 'Sendable' protocol
public final class NativeAssetsPlugin: CAPPlugin, CAPBridgedPlugin {
                   ^
/tmp/quiet-places-iphone-pilot-20260913/ios/App/App/NativeAssetsPlugin.swift:521:97: warning: capture of 'call' with non-Sendable type 'CAPPluginCall' in a '@Sendable' closure
                    DispatchQueue.main.async { self?.finishDownload(roomId: key, token: token); call.reject(error.localizedDescription, "DOWNLOAD_FAILED") }
                                                                                                ^
/tmp/quiet-places-ios-build/Build/Products/Debug-iphonesimulator/Capacitor.framework/Headers/CAPPluginCall.h:10:12: note: class 'CAPPluginCall' does not conform to the 'Sendable' protocol
@interface CAPPluginCall : NSObject
           ^

SwiftDriverJobDiscovery normal x86_64 Emitting module for App (in target 'App' from project 'App')

SwiftDriverJobDiscovery normal arm64 Emitting module for App (in target 'App' from project 'App')

SwiftDriver\ Compilation\ Requirements App normal x86_64 com.apple.xcode.tools.swift.compiler (in target 'App' from project 'App')
    cd /tmp/quiet-places-iphone-pilot-20260913/ios/App
    builtin-Swift-Compilation-Requirements -- /Applications/Xcode.app/Contents/Developer/Toolchains/XcodeDefault.xctoolchain/usr/bin/swiftc -module-name App -Onone @/tmp/quiet-places-ios-build/Build/Intermediates.noindex/App.build/Debug-iphonesimulator/App.build/Objects-normal/x86_64/App.SwiftFileList -DDEBUG -D COCOAPODS -DDEBUG -enable-bare-slash-regex -enable-experimental-feature DebugDescriptionMacro -sdk /Applications/Xcode.app/Contents/Developer/Platforms/iPhoneSimulator.platform/Developer/SDKs/iPhoneSimulator26.5.sdk -target x86_64-apple-ios15.0-simulator -g -module-cache-path /tmp/quiet-places-ios-build/ModuleCache.noindex -Xfrontend -serialize-debugging-options -enable-testing -index-store-path /tmp/quiet-places-ios-build/Index.noindex/DataStore -Xcc -D_LIBCPP_HARDENING_MODE\=_LIBCPP_HARDENING_MODE_DEBUG -swift-version 5 -I /tmp/quiet-places-ios-build/Build/Products/Debug-iphonesimulator -F /tmp/quiet-places-ios-build/Build/Products/Debug-iphonesimulator/PackageFrameworks -F /tmp/quiet-places-ios-build/Build/Products/Debug-iphonesimulator/PackageFrameworks -F /tmp/quiet-places-ios-build/Build/Products/Debug-iphonesimulator -c -j8 -enable-batch-mode -incremental -Xcc -ivfsstatcache -Xcc /tmp/quiet-places-ios-build/SDKStatCaches.noindex/iphonesimulator26.5-23F81a-6cfe768891a92b912361537c460fe42b.sdkstatcache -output-file-map /tmp/quiet-places-ios-build/Build/Intermediates.noindex/App.build/Debug-iphonesimulator/App.build/Objects-normal/x86_64/App-OutputFileMap.json -use-frontend-parseable-output -save-temps -no-color-diagnostics -explicit-module-build -module-cache-path /tmp/quiet-places-ios-build/Build/Intermediates.noindex/SwiftExplicitPrecompiledModules -clang-scanner-module-cache-path /tmp/quiet-places-ios-build/ModuleCache.noindex -sdk-module-cache-path /tmp/quiet-places-ios-build/ModuleCache.noindex -serialize-diagnostics -emit-dependencies -emit-module -emit-module-path /tmp/quiet-places-ios-build/Build/Intermediates.noindex/App.build/Debug-iphonesimulator/App.build/Objects-normal/x86_64/App.swiftmodule -validate-clang-modules-once -clang-build-session-file /tmp/quiet-places-ios-build/ModuleCache.noindex/Session.modulevalidation -Xcc -I/tmp/quiet-places-ios-build/Build/Intermediates.noindex/App.build/Debug-iphonesimulator/App.build/swift-overrides.hmap -emit-const-values -Xfrontend -const-gather-protocols-file -Xfrontend /tmp/quiet-places-ios-build/Build/Intermediates.noindex/App.build/Debug-iphonesimulator/App.build/Objects-normal/x86_64/App_const_extract_protocols.json -Xcc -iquote -Xcc /tmp/quiet-places-ios-build/Build/Intermediates.noindex/App.build/Debug-iphonesimulator/App.build/App-generated-files.hmap -Xcc -I/tmp/quiet-places-ios-build/Build/Intermediates.noindex/App.build/Debug-iphonesimulator/App.build/App-own-target-headers.hmap -Xcc -I/tmp/quiet-places-ios-build/Build/Intermediates.noindex/App.build/Debug-iphonesimulator/App.build/App-all-non-framework-target-headers.hmap -Xcc -ivfsoverlay -Xcc /tmp/quiet-places-ios-build/Build/Intermediates.noindex/App.build/Debug-iphonesimulator/App-0ca3007d900a678c2b4d53418799ee3d-VFS-iphonesimulator/all-product-headers.yaml -Xcc -iquote -Xcc /tmp/quiet-places-ios-build/Build/Intermediates.noindex/App.build/Debug-iphonesimulator/App.build/App-project-headers.hmap -Xcc -I/tmp/quiet-places-ios-build/Build/Products/Debug-iphonesimulator/include -Xcc -I/tmp/quiet-places-ios-build/Build/Intermediates.noindex/App.build/Debug-iphonesimulator/App.build/DerivedSources-normal/x86_64 -Xcc -I/tmp/quiet-places-ios-build/Build/Intermediates.noindex/App.build/Debug-iphonesimulator/App.build/DerivedSources/x86_64 -Xcc -I/tmp/quiet-places-ios-build/Build/Intermediates.noindex/App.build/Debug-iphonesimulator/App.build/DerivedSources -Xcc -DDEBUG\=1 -emit-objc-header -emit-objc-header-path /tmp/quiet-places-ios-build/Build/Intermediates.noindex/App.build/Debug-iphonesimulator/App.build/Objects-normal/x86_64/App-Swift.h -working-directory /tmp/quiet-places-iphone-pilot-20260913/ios/App -experimental-emit-module-separately -disable-cmo

SwiftDriver\ Compilation\ Requirements App normal arm64 com.apple.xcode.tools.swift.compiler (in target 'App' from project 'App')
    cd /tmp/quiet-places-iphone-pilot-20260913/ios/App
    builtin-Swift-Compilation-Requirements -- /Applications/Xcode.app/Contents/Developer/Toolchains/XcodeDefault.xctoolchain/usr/bin/swiftc -module-name App -Onone @/tmp/quiet-places-ios-build/Build/Intermediates.noindex/App.build/Debug-iphonesimulator/App.build/Objects-normal/arm64/App.SwiftFileList -DDEBUG -D COCOAPODS -DDEBUG -enable-bare-slash-regex -enable-experimental-feature DebugDescriptionMacro -sdk /Applications/Xcode.app/Contents/Developer/Platforms/iPhoneSimulator.platform/Developer/SDKs/iPhoneSimulator26.5.sdk -target arm64-apple-ios15.0-simulator -g -module-cache-path /tmp/quiet-places-ios-build/ModuleCache.noindex -Xfrontend -serialize-debugging-options -enable-testing -index-store-path /tmp/quiet-places-ios-build/Index.noindex/DataStore -Xcc -D_LIBCPP_HARDENING_MODE\=_LIBCPP_HARDENING_MODE_DEBUG -swift-version 5 -I /tmp/quiet-places-ios-build/Build/Products/Debug-iphonesimulator -F /tmp/quiet-places-ios-build/Build/Products/Debug-iphonesimulator/PackageFrameworks -F /tmp/quiet-places-ios-build/Build/Products/Debug-iphonesimulator/PackageFrameworks -F /tmp/quiet-places-ios-build/Build/Products/Debug-iphonesimulator -c -j8 -enable-batch-mode -incremental -Xcc -ivfsstatcache -Xcc /tmp/quiet-places-ios-build/SDKStatCaches.noindex/iphonesimulator26.5-23F81a-6cfe768891a92b912361537c460fe42b.sdkstatcache -output-file-map /tmp/quiet-places-ios-build/Build/Intermediates.noindex/App.build/Debug-iphonesimulator/App.build/Objects-normal/arm64/App-OutputFileMap.json -use-frontend-parseable-output -save-temps -no-color-diagnostics -explicit-module-build -module-cache-path /tmp/quiet-places-ios-build/Build/Intermediates.noindex/SwiftExplicitPrecompiledModules -clang-scanner-module-cache-path /tmp/quiet-places-ios-build/ModuleCache.noindex -sdk-module-cache-path /tmp/quiet-places-ios-build/ModuleCache.noindex -serialize-diagnostics -emit-dependencies -emit-module -emit-module-path /tmp/quiet-places-ios-build/Build/Intermediates.noindex/App.build/Debug-iphonesimulator/App.build/Objects-normal/arm64/App.swiftmodule -validate-clang-modules-once -clang-build-session-file /tmp/quiet-places-ios-build/ModuleCache.noindex/Session.modulevalidation -Xcc -I/tmp/quiet-places-ios-build/Build/Intermediates.noindex/App.build/Debug-iphonesimulator/App.build/swift-overrides.hmap -emit-const-values -Xfrontend -const-gather-protocols-file -Xfrontend /tmp/quiet-places-ios-build/Build/Intermediates.noindex/App.build/Debug-iphonesimulator/App.build/Objects-normal/arm64/App_const_extract_protocols.json -Xcc -iquote -Xcc /tmp/quiet-places-ios-build/Build/Intermediates.noindex/App.build/Debug-iphonesimulator/App.build/App-generated-files.hmap -Xcc -I/tmp/quiet-places-ios-build/Build/Intermediates.noindex/App.build/Debug-iphonesimulator/App.build/App-own-target-headers.hmap -Xcc -I/tmp/quiet-places-ios-build/Build/Intermediates.noindex/App.build/Debug-iphonesimulator/App.build/App-all-non-framework-target-headers.hmap -Xcc -ivfsoverlay -Xcc /tmp/quiet-places-ios-build/Build/Intermediates.noindex/App.build/Debug-iphonesimulator/App-0ca3007d900a678c2b4d53418799ee3d-VFS-iphonesimulator/all-product-headers.yaml -Xcc -iquote -Xcc /tmp/quiet-places-ios-build/Build/Intermediates.noindex/App.build/Debug-iphonesimulator/App.build/App-project-headers.hmap -Xcc -I/tmp/quiet-places-ios-build/Build/Products/Debug-iphonesimulator/include -Xcc -I/tmp/quiet-places-ios-build/Build/Intermediates.noindex/App.build/Debug-iphonesimulator/App.build/DerivedSources-normal/arm64 -Xcc -I/tmp/quiet-places-ios-build/Build/Intermediates.noindex/App.build/Debug-iphonesimulator/App.build/DerivedSources/arm64 -Xcc -I/tmp/quiet-places-ios-build/Build/Intermediates.noindex/App.build/Debug-iphonesimulator/App.build/DerivedSources -Xcc -DDEBUG\=1 -emit-objc-header -emit-objc-header-path /tmp/quiet-places-ios-build/Build/Intermediates.noindex/App.build/Debug-iphonesimulator/App.build/Objects-normal/arm64/App-Swift.h -working-directory /tmp/quiet-places-iphone-pilot-20260913/ios/App -experimental-emit-module-separately -disable-cmo

Copy /tmp/quiet-places-ios-build/Build/Products/Debug-iphonesimulator/App.swiftmodule/x86_64-apple-ios-simulator.swiftmodule /tmp/quiet-places-ios-build/Build/Intermediates.noindex/App.build/Debug-iphonesimulator/App.build/Objects-normal/x86_64/App.swiftmodule (in target 'App' from project 'App')
    cd /tmp/quiet-places-iphone-pilot-20260913/ios/App
    builtin-copy -exclude .DS_Store -exclude CVS -exclude .svn -exclude .git -exclude .hg -resolve-src-symlinks -rename /tmp/quiet-places-ios-build/Build/Intermediates.noindex/App.build/Debug-iphonesimulator/App.build/Objects-normal/x86_64/App.swiftmodule /tmp/quiet-places-ios-build/Build/Products/Debug-iphonesimulator/App.swiftmodule/x86_64-apple-ios-simulator.swiftmodule

Copy /tmp/quiet-places-ios-build/Build/Products/Debug-iphonesimulator/App.swiftmodule/x86_64-apple-ios-simulator.abi.json /tmp/quiet-places-ios-build/Build/Intermediates.noindex/App.build/Debug-iphonesimulator/App.build/Objects-normal/x86_64/App.abi.json (in target 'App' from project 'App')
    cd /tmp/quiet-places-iphone-pilot-20260913/ios/App
    builtin-copy -exclude .DS_Store -exclude CVS -exclude .svn -exclude .git -exclude .hg -resolve-src-symlinks -rename /tmp/quiet-places-ios-build/Build/Intermediates.noindex/App.build/Debug-iphonesimulator/App.build/Objects-normal/x86_64/App.abi.json /tmp/quiet-places-ios-build/Build/Products/Debug-iphonesimulator/App.swiftmodule/x86_64-apple-ios-simulator.abi.json

Copy /tmp/quiet-places-ios-build/Build/Products/Debug-iphonesimulator/App.swiftmodule/arm64-apple-ios-simulator.swiftmodule /tmp/quiet-places-ios-build/Build/Intermediates.noindex/App.build/Debug-iphonesimulator/App.build/Objects-normal/arm64/App.swiftmodule (in target 'App' from project 'App')
    cd /tmp/quiet-places-iphone-pilot-20260913/ios/App
    builtin-copy -exclude .DS_Store -exclude CVS -exclude .svn -exclude .git -exclude .hg -resolve-src-symlinks -rename /tmp/quiet-places-ios-build/Build/Intermediates.noindex/App.build/Debug-iphonesimulator/App.build/Objects-normal/arm64/App.swiftmodule /tmp/quiet-places-ios-build/Build/Products/Debug-iphonesimulator/App.swiftmodule/arm64-apple-ios-simulator.swiftmodule

Copy /tmp/quiet-places-ios-build/Build/Products/Debug-iphonesimulator/App.swiftmodule/arm64-apple-ios-simulator.abi.json /tmp/quiet-places-ios-build/Build/Intermediates.noindex/App.build/Debug-iphonesimulator/App.build/Objects-normal/arm64/App.abi.json (in target 'App' from project 'App')
    cd /tmp/quiet-places-iphone-pilot-20260913/ios/App
    builtin-copy -exclude .DS_Store -exclude CVS -exclude .svn -exclude .git -exclude .hg -resolve-src-symlinks -rename /tmp/quiet-places-ios-build/Build/Intermediates.noindex/App.build/Debug-iphonesimulator/App.build/Objects-normal/arm64/App.abi.json /tmp/quiet-places-ios-build/Build/Products/Debug-iphonesimulator/App.swiftmodule/arm64-apple-ios-simulator.abi.json

Copy /tmp/quiet-places-ios-build/Build/Products/Debug-iphonesimulator/App.swiftmodule/Project/x86_64-apple-ios-simulator.swiftsourceinfo /tmp/quiet-places-ios-build/Build/Intermediates.noindex/App.build/Debug-iphonesimulator/App.build/Objects-normal/x86_64/App.swiftsourceinfo (in target 'App' from project 'App')
    cd /tmp/quiet-places-iphone-pilot-20260913/ios/App
    builtin-copy -exclude .DS_Store -exclude CVS -exclude .svn -exclude .git -exclude .hg -resolve-src-symlinks -rename /tmp/quiet-places-ios-build/Build/Intermediates.noindex/App.build/Debug-iphonesimulator/App.build/Objects-normal/x86_64/App.swiftsourceinfo /tmp/quiet-places-ios-build/Build/Products/Debug-iphonesimulator/App.swiftmodule/Project/x86_64-apple-ios-simulator.swiftsourceinfo

Copy /tmp/quiet-places-ios-build/Build/Products/Debug-iphonesimulator/App.swiftmodule/Project/arm64-apple-ios-simulator.swiftsourceinfo /tmp/quiet-places-ios-build/Build/Intermediates.noindex/App.build/Debug-iphonesimulator/App.build/Objects-normal/arm64/App.swiftsourceinfo (in target 'App' from project 'App')
    cd /tmp/quiet-places-iphone-pilot-20260913/ios/App
    builtin-copy -exclude .DS_Store -exclude CVS -exclude .svn -exclude .git -exclude .hg -resolve-src-symlinks -rename /tmp/quiet-places-ios-build/Build/Intermediates.noindex/App.build/Debug-iphonesimulator/App.build/Objects-normal/arm64/App.swiftsourceinfo /tmp/quiet-places-ios-build/Build/Products/Debug-iphonesimulator/App.swiftmodule/Project/arm64-apple-ios-simulator.swiftsourceinfo

SwiftDriverJobDiscovery normal arm64 Compiling NativeAssetsPlugin.swift (in target 'App' from project 'App')

SwiftDriver\ Compilation App normal arm64 com.apple.xcode.tools.swift.compiler (in target 'App' from project 'App')
    cd /tmp/quiet-places-iphone-pilot-20260913/ios/App
    builtin-Swift-Compilation -- /Applications/Xcode.app/Contents/Developer/Toolchains/XcodeDefault.xctoolchain/usr/bin/swiftc -module-name App -Onone @/tmp/quiet-places-ios-build/Build/Intermediates.noindex/App.build/Debug-iphonesimulator/App.build/Objects-normal/arm64/App.SwiftFileList -DDEBUG -D COCOAPODS -DDEBUG -enable-bare-slash-regex -enable-experimental-feature DebugDescriptionMacro -sdk /Applications/Xcode.app/Contents/Developer/Platforms/iPhoneSimulator.platform/Developer/SDKs/iPhoneSimulator26.5.sdk -target arm64-apple-ios15.0-simulator -g -module-cache-path /tmp/quiet-places-ios-build/ModuleCache.noindex -Xfrontend -serialize-debugging-options -enable-testing -index-store-path /tmp/quiet-places-ios-build/Index.noindex/DataStore -Xcc -D_LIBCPP_HARDENING_MODE\=_LIBCPP_HARDENING_MODE_DEBUG -swift-version 5 -I /tmp/quiet-places-ios-build/Build/Products/Debug-iphonesimulator -F /tmp/quiet-places-ios-build/Build/Products/Debug-iphonesimulator/PackageFrameworks -F /tmp/quiet-places-ios-build/Build/Products/Debug-iphonesimulator/PackageFrameworks -F /tmp/quiet-places-ios-build/Build/Products/Debug-iphonesimulator -c -j8 -enable-batch-mode -incremental -Xcc -ivfsstatcache -Xcc /tmp/quiet-places-ios-build/SDKStatCaches.noindex/iphonesimulator26.5-23F81a-6cfe768891a92b912361537c460fe42b.sdkstatcache -output-file-map /tmp/quiet-places-ios-build/Build/Intermediates.noindex/App.build/Debug-iphonesimulator/App.build/Objects-normal/arm64/App-OutputFileMap.json -use-frontend-parseable-output -save-temps -no-color-diagnostics -explicit-module-build -module-cache-path /tmp/quiet-places-ios-build/Build/Intermediates.noindex/SwiftExplicitPrecompiledModules -clang-scanner-module-cache-path /tmp/quiet-places-ios-build/ModuleCache.noindex -sdk-module-cache-path /tmp/quiet-places-ios-build/ModuleCache.noindex -serialize-diagnostics -emit-dependencies -emit-module -emit-module-path /tmp/quiet-places-ios-build/Build/Intermediates.noindex/App.build/Debug-iphonesimulator/App.build/Objects-normal/arm64/App.swiftmodule -validate-clang-modules-once -clang-build-session-file /tmp/quiet-places-ios-build/ModuleCache.noindex/Session.modulevalidation -Xcc -I/tmp/quiet-places-ios-build/Build/Intermediates.noindex/App.build/Debug-iphonesimulator/App.build/swift-overrides.hmap -emit-const-values -Xfrontend -const-gather-protocols-file -Xfrontend /tmp/quiet-places-ios-build/Build/Intermediates.noindex/App.build/Debug-iphonesimulator/App.build/Objects-normal/arm64/App_const_extract_protocols.json -Xcc -iquote -Xcc /tmp/quiet-places-ios-build/Build/Intermediates.noindex/App.build/Debug-iphonesimulator/App.build/App-generated-files.hmap -Xcc -I/tmp/quiet-places-ios-build/Build/Intermediates.noindex/App.build/Debug-iphonesimulator/App.build/App-own-target-headers.hmap -Xcc -I/tmp/quiet-places-ios-build/Build/Intermediates.noindex/App.build/Debug-iphonesimulator/App.build/App-all-non-framework-target-headers.hmap -Xcc -ivfsoverlay -Xcc /tmp/quiet-places-ios-build/Build/Intermediates.noindex/App.build/Debug-iphonesimulator/App-0ca3007d900a678c2b4d53418799ee3d-VFS-iphonesimulator/all-product-headers.yaml -Xcc -iquote -Xcc /tmp/quiet-places-ios-build/Build/Intermediates.noindex/App.build/Debug-iphonesimulator/App.build/App-project-headers.hmap -Xcc -I/tmp/quiet-places-ios-build/Build/Products/Debug-iphonesimulator/include -Xcc -I/tmp/quiet-places-ios-build/Build/Intermediates.noindex/App.build/Debug-iphonesimulator/App.build/DerivedSources-normal/arm64 -Xcc -I/tmp/quiet-places-ios-build/Build/Intermediates.noindex/App.build/Debug-iphonesimulator/App.build/DerivedSources/arm64 -Xcc -I/tmp/quiet-places-ios-build/Build/Intermediates.noindex/App.build/Debug-iphonesimulator/App.build/DerivedSources -Xcc -DDEBUG\=1 -emit-objc-header -emit-objc-header-path /tmp/quiet-places-ios-build/Build/Intermediates.noindex/App.build/Debug-iphonesimulator/App.build/Objects-normal/arm64/App-Swift.h -working-directory /tmp/quiet-places-iphone-pilot-20260913/ios/App -experimental-emit-module-separately -disable-cmo

Ld /tmp/quiet-places-ios-build/Build/Intermediates.noindex/App.build/Debug-iphonesimulator/App.build/Objects-normal/arm64/Binary/App.debug.dylib normal arm64 (in target 'App' from project 'App')
    cd /tmp/quiet-places-iphone-pilot-20260913/ios/App
    /Applications/Xcode.app/Contents/Developer/Toolchains/XcodeDefault.xctoolchain/usr/bin/clang -Xlinker -reproducible -target arm64-apple-ios15.0-simulator -dynamiclib -isysroot /Applications/Xcode.app/Contents/Developer/Platforms/iPhoneSimulator.platform/Developer/SDKs/iPhoneSimulator26.5.sdk -O0 -L/tmp/quiet-places-ios-build/Build/Intermediates.noindex/EagerLinkingTBDs/Debug-iphonesimulator -L/tmp/quiet-places-ios-build/Build/Products/Debug-iphonesimulator -F/tmp/quiet-places-ios-build/Build/Intermediates.noindex/EagerLinkingTBDs/Debug-iphonesimulator -F/tmp/quiet-places-ios-build/Build/Products/Debug-iphonesimulator/PackageFrameworks -F/tmp/quiet-places-ios-build/Build/Products/Debug-iphonesimulator/PackageFrameworks -F/tmp/quiet-places-ios-build/Build/Products/Debug-iphonesimulator -filelist /tmp/quiet-places-ios-build/Build/Intermediates.noindex/App.build/Debug-iphonesimulator/App.build/Objects-normal/arm64/App.LinkFileList -install_name @rpath/App.debug.dylib -Xlinker -rpath -Xlinker /usr/lib/swift -Xlinker -rpath -Xlinker /tmp/quiet-places-ios-build/Build/Products/Debug-iphonesimulator/PackageFrameworks -Xlinker -rpath -Xlinker @executable_path/Frameworks -Xlinker -dead_strip -Xlinker -object_path_lto -Xlinker /tmp/quiet-places-ios-build/Build/Intermediates.noindex/App.build/Debug-iphonesimulator/App.build/Objects-normal/arm64/App_lto.o -rdynamic -Xlinker -no_deduplicate -Xlinker -objc_abi_version -Xlinker 2 -Xlinker -dependency_info -Xlinker /tmp/quiet-places-ios-build/Build/Intermediates.noindex/App.build/Debug-iphonesimulator/App.build/Objects-normal/arm64/App_dependency_info.dat -fobjc-link-runtime -L/Applications/Xcode.app/Contents/Developer/Toolchains/XcodeDefault.xctoolchain/usr/lib/swift/iphonesimulator -L/usr/lib/swift -Xlinker -add_ast_path -Xlinker /tmp/quiet-places-ios-build/Build/Intermediates.noindex/App.build/Debug-iphonesimulator/App.build/Objects-normal/arm64/App.swiftmodule @/tmp/quiet-places-ios-build/Build/Intermediates.noindex/App.build/Debug-iphonesimulator/App.build/Objects-normal/arm64/App-linker-args.resp -Wl,-no_warn_duplicate_libraries -Wl,-no_warn_duplicate_libraries -Xlinker -alias -Xlinker _main -Xlinker ___debug_main_executable_dylib_entry_point -framework Capacitor -framework Capacitor -framework Cordova -framework Cordova -framework Capacitor -framework Cordova -o /tmp/quiet-places-ios-build/Build/Intermediates.noindex/App.build/Debug-iphonesimulator/App.build/Objects-normal/arm64/Binary/App.debug.dylib -Xlinker -add_ast_path -Xlinker /tmp/quiet-places-ios-build/Build/Intermediates.noindex/CapApp-SPM.build/Debug-iphonesimulator/CapApp-SPM.build/Objects-normal/arm64/CapApp_SPM.swiftmodule @/tmp/quiet-places-ios-build/Build/Intermediates.noindex/CapApp-SPM.build/Debug-iphonesimulator/CapApp-SPM.build/Objects-normal/arm64/CapApp_SPM-linker-args.resp -Xlinker -add_ast_path -Xlinker /tmp/quiet-places-ios-build/Build/Intermediates.noindex/CapacitorApp.build/Debug-iphonesimulator/AppPlugin.build/Objects-normal/arm64/AppPlugin.swiftmodule @/tmp/quiet-places-ios-build/Build/Intermediates.noindex/CapacitorApp.build/Debug-iphonesimulator/AppPlugin.build/Objects-normal/arm64/AppPlugin-linker-args.resp

SwiftDriverJobDiscovery normal x86_64 Compiling NativeAssetsPlugin.swift (in target 'App' from project 'App')

SwiftDriver\ Compilation App normal x86_64 com.apple.xcode.tools.swift.compiler (in target 'App' from project 'App')
    cd /tmp/quiet-places-iphone-pilot-20260913/ios/App
    builtin-Swift-Compilation -- /Applications/Xcode.app/Contents/Developer/Toolchains/XcodeDefault.xctoolchain/usr/bin/swiftc -module-name App -Onone @/tmp/quiet-places-ios-build/Build/Intermediates.noindex/App.build/Debug-iphonesimulator/App.build/Objects-normal/x86_64/App.SwiftFileList -DDEBUG -D COCOAPODS -DDEBUG -enable-bare-slash-regex -enable-experimental-feature DebugDescriptionMacro -sdk /Applications/Xcode.app/Contents/Developer/Platforms/iPhoneSimulator.platform/Developer/SDKs/iPhoneSimulator26.5.sdk -target x86_64-apple-ios15.0-simulator -g -module-cache-path /tmp/quiet-places-ios-build/ModuleCache.noindex -Xfrontend -serialize-debugging-options -enable-testing -index-store-path /tmp/quiet-places-ios-build/Index.noindex/DataStore -Xcc -D_LIBCPP_HARDENING_MODE\=_LIBCPP_HARDENING_MODE_DEBUG -swift-version 5 -I /tmp/quiet-places-ios-build/Build/Products/Debug-iphonesimulator -F /tmp/quiet-places-ios-build/Build/Products/Debug-iphonesimulator/PackageFrameworks -F /tmp/quiet-places-ios-build/Build/Products/Debug-iphonesimulator/PackageFrameworks -F /tmp/quiet-places-ios-build/Build/Products/Debug-iphonesimulator -c -j8 -enable-batch-mode -incremental -Xcc -ivfsstatcache -Xcc /tmp/quiet-places-ios-build/SDKStatCaches.noindex/iphonesimulator26.5-23F81a-6cfe768891a92b912361537c460fe42b.sdkstatcache -output-file-map /tmp/quiet-places-ios-build/Build/Intermediates.noindex/App.build/Debug-iphonesimulator/App.build/Objects-normal/x86_64/App-OutputFileMap.json -use-frontend-parseable-output -save-temps -no-color-diagnostics -explicit-module-build -module-cache-path /tmp/quiet-places-ios-build/Build/Intermediates.noindex/SwiftExplicitPrecompiledModules -clang-scanner-module-cache-path /tmp/quiet-places-ios-build/ModuleCache.noindex -sdk-module-cache-path /tmp/quiet-places-ios-build/ModuleCache.noindex -serialize-diagnostics -emit-dependencies -emit-module -emit-module-path /tmp/quiet-places-ios-build/Build/Intermediates.noindex/App.build/Debug-iphonesimulator/App.build/Objects-normal/x86_64/App.swiftmodule -validate-clang-modules-once -clang-build-session-file /tmp/quiet-places-ios-build/ModuleCache.noindex/Session.modulevalidation -Xcc -I/tmp/quiet-places-ios-build/Build/Intermediates.noindex/App.build/Debug-iphonesimulator/App.build/swift-overrides.hmap -emit-const-values -Xfrontend -const-gather-protocols-file -Xfrontend /tmp/quiet-places-ios-build/Build/Intermediates.noindex/App.build/Debug-iphonesimulator/App.build/Objects-normal/x86_64/App_const_extract_protocols.json -Xcc -iquote -Xcc /tmp/quiet-places-ios-build/Build/Intermediates.noindex/App.build/Debug-iphonesimulator/App.build/App-generated-files.hmap -Xcc -I/tmp/quiet-places-ios-build/Build/Intermediates.noindex/App.build/Debug-iphonesimulator/App.build/App-own-target-headers.hmap -Xcc -I/tmp/quiet-places-ios-build/Build/Intermediates.noindex/App.build/Debug-iphonesimulator/App.build/App-all-non-framework-target-headers.hmap -Xcc -ivfsoverlay -Xcc /tmp/quiet-places-ios-build/Build/Intermediates.noindex/App.build/Debug-iphonesimulator/App-0ca3007d900a678c2b4d53418799ee3d-VFS-iphonesimulator/all-product-headers.yaml -Xcc -iquote -Xcc /tmp/quiet-places-ios-build/Build/Intermediates.noindex/App.build/Debug-iphonesimulator/App.build/App-project-headers.hmap -Xcc -I/tmp/quiet-places-ios-build/Build/Products/Debug-iphonesimulator/include -Xcc -I/tmp/quiet-places-ios-build/Build/Intermediates.noindex/App.build/Debug-iphonesimulator/App.build/DerivedSources-normal/x86_64 -Xcc -I/tmp/quiet-places-ios-build/Build/Intermediates.noindex/App.build/Debug-iphonesimulator/App.build/DerivedSources/x86_64 -Xcc -I/tmp/quiet-places-ios-build/Build/Intermediates.noindex/App.build/Debug-iphonesimulator/App.build/DerivedSources -Xcc -DDEBUG\=1 -emit-objc-header -emit-objc-header-path /tmp/quiet-places-ios-build/Build/Intermediates.noindex/App.build/Debug-iphonesimulator/App.build/Objects-normal/x86_64/App-Swift.h -working-directory /tmp/quiet-places-iphone-pilot-20260913/ios/App -experimental-emit-module-separately -disable-cmo

Ld /tmp/quiet-places-ios-build/Build/Intermediates.noindex/App.build/Debug-iphonesimulator/App.build/Objects-normal/x86_64/Binary/App.debug.dylib normal x86_64 (in target 'App' from project 'App')
    cd /tmp/quiet-places-iphone-pilot-20260913/ios/App
    /Applications/Xcode.app/Contents/Developer/Toolchains/XcodeDefault.xctoolchain/usr/bin/clang -Xlinker -reproducible -target x86_64-apple-ios15.0-simulator -dynamiclib -isysroot /Applications/Xcode.app/Contents/Developer/Platforms/iPhoneSimulator.platform/Developer/SDKs/iPhoneSimulator26.5.sdk -O0 -L/tmp/quiet-places-ios-build/Build/Intermediates.noindex/EagerLinkingTBDs/Debug-iphonesimulator -L/tmp/quiet-places-ios-build/Build/Products/Debug-iphonesimulator -F/tmp/quiet-places-ios-build/Build/Intermediates.noindex/EagerLinkingTBDs/Debug-iphonesimulator -F/tmp/quiet-places-ios-build/Build/Products/Debug-iphonesimulator/PackageFrameworks -F/tmp/quiet-places-ios-build/Build/Products/Debug-iphonesimulator/PackageFrameworks -F/tmp/quiet-places-ios-build/Build/Products/Debug-iphonesimulator -filelist /tmp/quiet-places-ios-build/Build/Intermediates.noindex/App.build/Debug-iphonesimulator/App.build/Objects-normal/x86_64/App.LinkFileList -install_name @rpath/App.debug.dylib -Xlinker -rpath -Xlinker /usr/lib/swift -Xlinker -rpath -Xlinker /tmp/quiet-places-ios-build/Build/Products/Debug-iphonesimulator/PackageFrameworks -Xlinker -rpath -Xlinker @executable_path/Frameworks -Xlinker -dead_strip -Xlinker -object_path_lto -Xlinker /tmp/quiet-places-ios-build/Build/Intermediates.noindex/App.build/Debug-iphonesimulator/App.build/Objects-normal/x86_64/App_lto.o -rdynamic -Xlinker -no_deduplicate -Xlinker -objc_abi_version -Xlinker 2 -Xlinker -dependency_info -Xlinker /tmp/quiet-places-ios-build/Build/Intermediates.noindex/App.build/Debug-iphonesimulator/App.build/Objects-normal/x86_64/App_dependency_info.dat -fobjc-link-runtime -L/Applications/Xcode.app/Contents/Developer/Toolchains/XcodeDefault.xctoolchain/usr/lib/swift/iphonesimulator -L/usr/lib/swift -Xlinker -add_ast_path -Xlinker /tmp/quiet-places-ios-build/Build/Intermediates.noindex/App.build/Debug-iphonesimulator/App.build/Objects-normal/x86_64/App.swiftmodule @/tmp/quiet-places-ios-build/Build/Intermediates.noindex/App.build/Debug-iphonesimulator/App.build/Objects-normal/x86_64/App-linker-args.resp -Wl,-no_warn_duplicate_libraries -Wl,-no_warn_duplicate_libraries -Xlinker -alias -Xlinker _main -Xlinker ___debug_main_executable_dylib_entry_point -framework Capacitor -framework Capacitor -framework Cordova -framework Cordova -framework Capacitor -framework Cordova -o /tmp/quiet-places-ios-build/Build/Intermediates.noindex/App.build/Debug-iphonesimulator/App.build/Objects-normal/x86_64/Binary/App.debug.dylib -Xlinker -add_ast_path -Xlinker /tmp/quiet-places-ios-build/Build/Intermediates.noindex/CapApp-SPM.build/Debug-iphonesimulator/CapApp-SPM.build/Objects-normal/x86_64/CapApp_SPM.swiftmodule @/tmp/quiet-places-ios-build/Build/Intermediates.noindex/CapApp-SPM.build/Debug-iphonesimulator/CapApp-SPM.build/Objects-normal/x86_64/CapApp_SPM-linker-args.resp -Xlinker -add_ast_path -Xlinker /tmp/quiet-places-ios-build/Build/Intermediates.noindex/CapacitorApp.build/Debug-iphonesimulator/AppPlugin.build/Objects-normal/x86_64/AppPlugin.swiftmodule @/tmp/quiet-places-ios-build/Build/Intermediates.noindex/CapacitorApp.build/Debug-iphonesimulator/AppPlugin.build/Objects-normal/x86_64/AppPlugin-linker-args.resp

ConstructStubExecutorLinkFileList /tmp/quiet-places-ios-build/Build/Intermediates.noindex/App.build/Debug-iphonesimulator/App.build/App-ExecutorLinkFileList-normal-x86_64.txt (in target 'App' from project 'App')
    cd /tmp/quiet-places-iphone-pilot-20260913/ios/App
    construct-stub-executor-link-file-list /tmp/quiet-places-ios-build/Build/Intermediates.noindex/App.build/Debug-iphonesimulator/App.build/Objects-normal/x86_64/Binary/App.debug.dylib /Applications/Xcode.app/Contents/Developer/Platforms/iPhoneSimulator.platform/Developer/usr/lib/libPreviewsJITStubExecutor_no_swift_entry_point.a /Applications/Xcode.app/Contents/Developer/Platforms/iPhoneSimulator.platform/Developer/usr/lib/libPreviewsJITStubExecutor.a --output /tmp/quiet-places-ios-build/Build/Intermediates.noindex/App.build/Debug-iphonesimulator/App.build/App-ExecutorLinkFileList-normal-x86_64.txt
note: Using stub executor library with Swift entry point. (in target 'App' from project 'App')

CreateUniversalBinary /tmp/quiet-places-ios-build/Build/Products/Debug-iphonesimulator/App.app/App.debug.dylib normal arm64\ x86_64 (in target 'App' from project 'App')
    cd /tmp/quiet-places-iphone-pilot-20260913/ios/App
    /Applications/Xcode.app/Contents/Developer/Toolchains/XcodeDefault.xctoolchain/usr/bin/lipo -create /tmp/quiet-places-ios-build/Build/Intermediates.noindex/App.build/Debug-iphonesimulator/App.build/Objects-normal/arm64/Binary/App.debug.dylib /tmp/quiet-places-ios-build/Build/Intermediates.noindex/App.build/Debug-iphonesimulator/App.build/Objects-normal/x86_64/Binary/App.debug.dylib -output /tmp/quiet-places-ios-build/Build/Products/Debug-iphonesimulator/App.app/App.debug.dylib

ConstructStubExecutorLinkFileList /tmp/quiet-places-ios-build/Build/Intermediates.noindex/App.build/Debug-iphonesimulator/App.build/App-ExecutorLinkFileList-normal-arm64.txt (in target 'App' from project 'App')
    cd /tmp/quiet-places-iphone-pilot-20260913/ios/App
    construct-stub-executor-link-file-list /tmp/quiet-places-ios-build/Build/Intermediates.noindex/App.build/Debug-iphonesimulator/App.build/Objects-normal/arm64/Binary/App.debug.dylib /Applications/Xcode.app/Contents/Developer/Platforms/iPhoneSimulator.platform/Developer/usr/lib/libPreviewsJITStubExecutor_no_swift_entry_point.a /Applications/Xcode.app/Contents/Developer/Platforms/iPhoneSimulator.platform/Developer/usr/lib/libPreviewsJITStubExecutor.a --output /tmp/quiet-places-ios-build/Build/Intermediates.noindex/App.build/Debug-iphonesimulator/App.build/App-ExecutorLinkFileList-normal-arm64.txt
note: Using stub executor library with Swift entry point. (in target 'App' from project 'App')

Ld /tmp/quiet-places-ios-build/Build/Intermediates.noindex/App.build/Debug-iphonesimulator/App.build/Objects-normal/x86_64/Binary/App normal x86_64 (in target 'App' from project 'App')
    cd /tmp/quiet-places-iphone-pilot-20260913/ios/App
    /Applications/Xcode.app/Contents/Developer/Toolchains/XcodeDefault.xctoolchain/usr/bin/clang -Xlinker -reproducible -target x86_64-apple-ios15.0-simulator -isysroot /Applications/Xcode.app/Contents/Developer/Platforms/iPhoneSimulator.platform/Developer/SDKs/iPhoneSimulator26.5.sdk -O0 -L/tmp/quiet-places-ios-build/Build/Products/Debug-iphonesimulator -F/tmp/quiet-places-ios-build/Build/Products/Debug-iphonesimulator/PackageFrameworks -F/tmp/quiet-places-ios-build/Build/Products/Debug-iphonesimulator/PackageFrameworks -F/tmp/quiet-places-ios-build/Build/Products/Debug-iphonesimulator -Xlinker -rpath -Xlinker @executable_path -Xlinker -rpath -Xlinker /tmp/quiet-places-ios-build/Build/Products/Debug-iphonesimulator/PackageFrameworks -Xlinker -rpath -Xlinker @executable_path/Frameworks -rdynamic -Xlinker -no_deduplicate -Xlinker -objc_abi_version -Xlinker 2 -e ___debug_blank_executor_main -Xlinker -sectcreate -Xlinker __TEXT -Xlinker __debug_dylib -Xlinker /tmp/quiet-places-ios-build/Build/Intermediates.noindex/App.build/Debug-iphonesimulator/App.build/App-DebugDylibPath-normal-x86_64.txt -Xlinker -sectcreate -Xlinker __TEXT -Xlinker __debug_instlnm -Xlinker /tmp/quiet-places-ios-build/Build/Intermediates.noindex/App.build/Debug-iphonesimulator/App.build/App-DebugDylibInstallName-normal-x86_64.txt -Xlinker -filelist -Xlinker /tmp/quiet-places-ios-build/Build/Intermediates.noindex/App.build/Debug-iphonesimulator/App.build/App-ExecutorLinkFileList-normal-x86_64.txt /tmp/quiet-places-ios-build/Build/Intermediates.noindex/App.build/Debug-iphonesimulator/App.build/Objects-normal/x86_64/Binary/App.debug.dylib -o /tmp/quiet-places-ios-build/Build/Intermediates.noindex/App.build/Debug-iphonesimulator/App.build/Objects-normal/x86_64/Binary/App

Ld /tmp/quiet-places-ios-build/Build/Intermediates.noindex/App.build/Debug-iphonesimulator/App.build/Objects-normal/arm64/Binary/App normal arm64 (in target 'App' from project 'App')
    cd /tmp/quiet-places-iphone-pilot-20260913/ios/App
    /Applications/Xcode.app/Contents/Developer/Toolchains/XcodeDefault.xctoolchain/usr/bin/clang -Xlinker -reproducible -target arm64-apple-ios15.0-simulator -isysroot /Applications/Xcode.app/Contents/Developer/Platforms/iPhoneSimulator.platform/Developer/SDKs/iPhoneSimulator26.5.sdk -O0 -L/tmp/quiet-places-ios-build/Build/Products/Debug-iphonesimulator -F/tmp/quiet-places-ios-build/Build/Products/Debug-iphonesimulator/PackageFrameworks -F/tmp/quiet-places-ios-build/Build/Products/Debug-iphonesimulator/PackageFrameworks -F/tmp/quiet-places-ios-build/Build/Products/Debug-iphonesimulator -Xlinker -rpath -Xlinker @executable_path -Xlinker -rpath -Xlinker /tmp/quiet-places-ios-build/Build/Products/Debug-iphonesimulator/PackageFrameworks -Xlinker -rpath -Xlinker @executable_path/Frameworks -rdynamic -Xlinker -no_deduplicate -Xlinker -objc_abi_version -Xlinker 2 -e ___debug_blank_executor_main -Xlinker -sectcreate -Xlinker __TEXT -Xlinker __debug_dylib -Xlinker /tmp/quiet-places-ios-build/Build/Intermediates.noindex/App.build/Debug-iphonesimulator/App.build/App-DebugDylibPath-normal-arm64.txt -Xlinker -sectcreate -Xlinker __TEXT -Xlinker __debug_instlnm -Xlinker /tmp/quiet-places-ios-build/Build/Intermediates.noindex/App.build/Debug-iphonesimulator/App.build/App-DebugDylibInstallName-normal-arm64.txt -Xlinker -filelist -Xlinker /tmp/quiet-places-ios-build/Build/Intermediates.noindex/App.build/Debug-iphonesimulator/App.build/App-ExecutorLinkFileList-normal-arm64.txt /tmp/quiet-places-ios-build/Build/Intermediates.noindex/App.build/Debug-iphonesimulator/App.build/Objects-normal/arm64/Binary/App.debug.dylib -o /tmp/quiet-places-ios-build/Build/Intermediates.noindex/App.build/Debug-iphonesimulator/App.build/Objects-normal/arm64/Binary/App

CreateUniversalBinary /tmp/quiet-places-ios-build/Build/Products/Debug-iphonesimulator/App.app/App normal arm64\ x86_64 (in target 'App' from project 'App')
    cd /tmp/quiet-places-iphone-pilot-20260913/ios/App
    /Applications/Xcode.app/Contents/Developer/Toolchains/XcodeDefault.xctoolchain/usr/bin/lipo -create /tmp/quiet-places-ios-build/Build/Intermediates.noindex/App.build/Debug-iphonesimulator/App.build/Objects-normal/arm64/Binary/App /tmp/quiet-places-ios-build/Build/Intermediates.noindex/App.build/Debug-iphonesimulator/App.build/Objects-normal/x86_64/Binary/App -output /tmp/quiet-places-ios-build/Build/Products/Debug-iphonesimulator/App.app/App

ExtractAppIntentsMetadata (in target 'App' from project 'App')
    cd /tmp/quiet-places-iphone-pilot-20260913/ios/App
    /Applications/Xcode.app/Contents/Developer/Toolchains/XcodeDefault.xctoolchain/usr/bin/appintentsmetadataprocessor --toolchain-dir /Applications/Xcode.app/Contents/Developer/Toolchains/XcodeDefault.xctoolchain --module-name App --sdk-root /Applications/Xcode.app/Contents/Developer/Platforms/iPhoneSimulator.platform/Developer/SDKs/iPhoneSimulator26.5.sdk --xcode-version 17F113 --platform-family iOS --deployment-target 15.0 --bundle-identifier com.migu.quietplaces.pilot --output /tmp/quiet-places-ios-build/Build/Products/Debug-iphonesimulator/App.app --target-triple arm64-apple-ios15.0-simulator --target-triple x86_64-apple-ios15.0-simulator --binary-file /tmp/quiet-places-ios-build/Build/Products/Debug-iphonesimulator/App.app/App --dependency-file /tmp/quiet-places-ios-build/Build/Intermediates.noindex/App.build/Debug-iphonesimulator/App.build/Objects-normal/arm64/App_dependency_info.dat --dependency-file /tmp/quiet-places-ios-build/Build/Intermediates.noindex/App.build/Debug-iphonesimulator/App.build/Objects-normal/x86_64/App_dependency_info.dat --stringsdata-file /tmp/quiet-places-ios-build/Build/Intermediates.noindex/App.build/Debug-iphonesimulator/App.build/Objects-normal/arm64/ExtractedAppShortcutsMetadata.stringsdata --stringsdata-file /tmp/quiet-places-ios-build/Build/Intermediates.noindex/App.build/Debug-iphonesimulator/App.build/Objects-normal/x86_64/ExtractedAppShortcutsMetadata.stringsdata --source-file-list /tmp/quiet-places-ios-build/Build/Intermediates.noindex/App.build/Debug-iphonesimulator/App.build/Objects-normal/arm64/App.SwiftFileList --source-file-list /tmp/quiet-places-ios-build/Build/Intermediates.noindex/App.build/Debug-iphonesimulator/App.build/Objects-normal/x86_64/App.SwiftFileList --metadata-file-list /tmp/quiet-places-ios-build/Build/Intermediates.noindex/App.build/Debug-iphonesimulator/App.build/App.DependencyMetadataFileList --static-metadata-file-list /tmp/quiet-places-ios-build/Build/Intermediates.noindex/App.build/Debug-iphonesimulator/App.build/App.DependencyStaticMetadataFileList --swift-const-vals-list /tmp/quiet-places-ios-build/Build/Intermediates.noindex/App.build/Debug-iphonesimulator/App.build/Objects-normal/arm64/App.SwiftConstValuesFileList --swift-const-vals-list /tmp/quiet-places-ios-build/Build/Intermediates.noindex/App.build/Debug-iphonesimulator/App.build/Objects-normal/x86_64/App.SwiftConstValuesFileList --compile-time-extraction --deployment-aware-processing --validate-assistant-intents --no-app-shortcuts-localization
2026-09-14 18:44:25.644 appintentsmetadataprocessor[86428:85090062] Starting appintentsmetadataprocessor export
2026-09-14 18:44:25.651 appintentsmetadataprocessor[86428:85090062] warning: Metadata extraction skipped. No AppIntents.framework dependency found.

CopySwiftLibs /tmp/quiet-places-ios-build/Build/Products/Debug-iphonesimulator/App.app (in target 'App' from project 'App')
    cd /tmp/quiet-places-iphone-pilot-20260913/ios/App
    builtin-swiftStdLibTool --copy --verbose --scan-executable /tmp/quiet-places-ios-build/Build/Products/Debug-iphonesimulator/App.app/App.debug.dylib --scan-folder /tmp/quiet-places-ios-build/Build/Products/Debug-iphonesimulator/App.app/Frameworks --scan-folder /tmp/quiet-places-ios-build/Build/Products/Debug-iphonesimulator/App.app/PlugIns --scan-folder /tmp/quiet-places-ios-build/Build/Products/Debug-iphonesimulator/App.app/SystemExtensions --scan-folder /tmp/quiet-places-ios-build/Build/Products/Debug-iphonesimulator/App.app/Extensions --platform iphonesimulator --toolchain /Applications/Xcode.app/Contents/Developer/Toolchains/XcodeDefault.xctoolchain --destination /tmp/quiet-places-ios-build/Build/Products/Debug-iphonesimulator/App.app/Frameworks --strip-bitcode --strip-bitcode-tool /Applications/Xcode.app/Contents/Developer/Toolchains/XcodeDefault.xctoolchain/usr/bin/bitcode_strip --emit-dependency-info /tmp/quiet-places-ios-build/Build/Intermediates.noindex/App.build/Debug-iphonesimulator/App.build/SwiftStdLibToolInputDependencies.dep --filter-for-swift-os --back-deploy-swift-span
Ignoring --strip-bitcode because --sign was not passed

** BUILD SUCCEEDED **

