
> quiet-places@0.1.0 build
> tsc --noEmit && vite build

vite v7.3.6 building client environment for production...
transforming...
✓ 57 modules transformed.
rendering chunks...
computing gzip size...
dist/index.html                           4.43 kB │ gzip:   1.99 kB
dist/assets/index-p8ivG5NS.css            9.66 kB │ gzip:   2.92 kB
dist/assets/Optics-D4BVHVod.js            1.20 kB │ gzip:   0.69 kB
dist/assets/index-CMC53sGK.js            30.91 kB │ gzip:  12.00 kB
dist/assets/fflate.module-CXh1ITwj.js    31.80 kB │ gzip:  12.15 kB
dist/assets/index-DA8BMpqL.js            45.18 kB │ gzip:  16.38 kB
dist/assets/ModelResources-DiZEp2aq.js   45.85 kB │ gzip:  13.57 kB
dist/assets/index-DooU0Qpg.js           280.15 kB │ gzip: 117.35 kB
dist/assets/index-k2razGq_.js           609.23 kB │ gzip: 155.94 kB

(!) Some chunks are larger than 500 kB after minification. Consider:
- Using dynamic import() to code-split the application
- Use build.rollupOptions.output.manualChunks to improve chunking: https://rollupjs.org/configuration-options/#output-manualchunks
- Adjust chunk size limit for this warning via build.chunkSizeWarningLimit.
✓ built in 1.57s
