
> quiet-places@0.1.0 build
> tsc --noEmit && vite build

vite v7.3.6 building client environment for production...
transforming...
✓ 56 modules transformed.
rendering chunks...
computing gzip size...
dist/index.html                           4.32 kB │ gzip:   1.93 kB
dist/assets/index-p8ivG5NS.css            9.66 kB │ gzip:   2.92 kB
dist/assets/Optics-CTRxUFn7.js            1.20 kB │ gzip:   0.69 kB
dist/assets/index-DvAWKfaP.js            29.84 kB │ gzip:  11.58 kB
dist/assets/fflate.module-CXh1ITwj.js    31.80 kB │ gzip:  12.15 kB
dist/assets/index-bD0hkLci.js            45.18 kB │ gzip:  16.38 kB
dist/assets/ModelResources-V0hetLvI.js   45.85 kB │ gzip:  13.57 kB
dist/assets/index-eOW0E0bI.js           280.15 kB │ gzip: 117.35 kB
dist/assets/index-CtHurqW5.js           609.17 kB │ gzip: 155.88 kB

(!) Some chunks are larger than 500 kB after minification. Consider:
- Using dynamic import() to code-split the application
- Use build.rollupOptions.output.manualChunks to improve chunking: https://rollupjs.org/configuration-options/#output-manualchunks
- Adjust chunk size limit for this warning via build.chunkSizeWarningLimit.
✓ built in 1.33s
