
> quiet-places@0.1.0 build
> tsc --noEmit && vite build

vite v7.3.6 building client environment for production...
transforming...
✓ 56 modules transformed.
rendering chunks...
computing gzip size...
dist/index.html                           4.32 kB │ gzip:   1.93 kB
dist/assets/index-p8ivG5NS.css            9.66 kB │ gzip:   2.92 kB
dist/assets/SkeletonUtils-BCVmgslc.js     0.45 kB │ gzip:   0.27 kB
dist/assets/Optics-CeiTgSuj.js            1.20 kB │ gzip:   0.69 kB
dist/assets/index-Bt9FeIgW.js            28.55 kB │ gzip:  11.12 kB
dist/assets/fflate.module-CXh1ITwj.js    31.80 kB │ gzip:  12.15 kB
dist/assets/index-CrNQKCNX.js            45.22 kB │ gzip:  16.40 kB
dist/assets/ModelResources-CJaWLfo8.js   45.40 kB │ gzip:  13.42 kB
dist/assets/index-CtWP4bya.js           280.19 kB │ gzip: 117.37 kB
dist/assets/index-Cu2ZzgZ1.js           609.21 kB │ gzip: 155.90 kB

(!) Some chunks are larger than 500 kB after minification. Consider:
- Using dynamic import() to code-split the application
- Use build.rollupOptions.output.manualChunks to improve chunking: https://rollupjs.org/configuration-options/#output-manualchunks
- Adjust chunk size limit for this warning via build.chunkSizeWarningLimit.
✓ built in 1.39s
