
> quiet-places@0.1.0 build
> tsc --noEmit && vite build

vite v7.3.6 building client environment for production...
transforming...
✓ 56 modules transformed.
rendering chunks...
computing gzip size...
dist/index.html                           4.32 kB │ gzip:   1.93 kB
dist/assets/index-p8ivG5NS.css            9.66 kB │ gzip:   2.92 kB
dist/assets/Optics-BqscSS2l.js            1.20 kB │ gzip:   0.69 kB
dist/assets/index-B30l5cFp.js            30.66 kB │ gzip:  11.90 kB
dist/assets/fflate.module-CXh1ITwj.js    31.80 kB │ gzip:  12.15 kB
dist/assets/index-B1IK4shm.js            45.18 kB │ gzip:  16.38 kB
dist/assets/ModelResources-CvqB8tv4.js   45.85 kB │ gzip:  13.57 kB
dist/assets/index-BCTNwrQL.js           280.15 kB │ gzip: 117.35 kB
dist/assets/index-Cl83k4NF.js           609.17 kB │ gzip: 155.88 kB

(!) Some chunks are larger than 500 kB after minification. Consider:
- Using dynamic import() to code-split the application
- Use build.rollupOptions.output.manualChunks to improve chunking: https://rollupjs.org/configuration-options/#output-manualchunks
- Adjust chunk size limit for this warning via build.chunkSizeWarningLimit.
✓ built in 1.42s
